// Jest Snapshot v1, https://goo.gl/fbAQLP

exports[`AcceptedTab should match snapshot 1`] = `
<DocumentFragment>
  <div
    class="MuiBox-root css-0"
  >
    <div
      class="MuiTypography-root MuiTypography-h3 css-gepadz-MuiTypography-root"
    >
      No accepted jobs to show
    </div>
  </div>
</DocumentFragment>
`;
